../Core/Src/main.c:225:5:main	8	static
../Core/Src/main.c:308:6:SystemClock_Config	88	static
../Core/Src/main.c:347:13:MX_ADC1_Init	24	static
../Core/Src/main.c:396:13:MX_SPI2_Init	8	static
../Core/Src/main.c:432:13:MX_TIM1_Init	96	static
../Core/Src/main.c:507:13:MX_TIM2_Init	32	static
../Core/Src/main.c:549:13:MX_TIM3_Init	64	static
../Core/Src/main.c:608:13:MX_TIM4_Init	56	static
../Core/Src/main.c:655:13:MX_TIM5_Init	56	static
../Core/Src/main.c:702:13:MX_USART1_UART_Init	8	static
../Core/Src/main.c:733:13:MX_GPIO_Init	48	static
../Core/Src/main.c:840:6:gpio_set_mode	40	static
../Core/Src/main.c:856:6:Response	168	static
../Core/Src/main.c:880:6:Flash_write_info	64	static
../Core/Src/main.c:889:6:Flash_get_info	40	static
../Core/Src/main.c:901:6:Send_data	8	static
../Core/Src/main.c:908:6:Handle_Command	8	static
../Core/Src/main.c:1087:6:control_door	8	static
../Core/Src/main.c:1122:6:en_motor	8	static
../Core/Src/main.c:1161:6:motor_get_speed	16	static
../Core/Src/main.c:1180:9:check_speed	16	static
../Core/Src/main.c:1196:6:control_led	8	static
../Core/Src/main.c:1221:6:Blink_Led	8	static
../Core/Src/main.c:1229:6:warning	4	static
../Core/Src/main.c:1236:6:buzzer	8	static
../Core/Src/main.c:1249:6:delay_us	16	static
../Core/Src/main.c:1255:6:clear_uart_buf	8	static
../Core/Src/main.c:1260:6:init_dht22	8	static
../Core/Src/main.c:1265:6:dht22_GetValue	40	static
../Core/Src/main.c:1365:6:HAL_GPIO_EXTI_Callback	16	static
../Core/Src/main.c:1438:6:HAL_UART_RxCpltCallback	16	static
../Core/Src/main.c:1449:6:HAL_TIM_PeriodElapsedCallback	16	static
../Core/Src/main.c:1457:6:HAL_SPI_TxRxCpltCallback	16	static
../Core/Src/main.c:1463:6:getADC_value	8	static
../Core/Src/main.c:1476:6:Error_Handler	4	static,ignoring_inline_asm
