../Core/Src/main.c:226:5:main	8	static
../Core/Src/main.c:310:6:SystemClock_Config	88	static
../Core/Src/main.c:349:13:MX_ADC1_Init	24	static
../Core/Src/main.c:398:13:MX_SPI2_Init	8	static
../Core/Src/main.c:434:13:MX_TIM1_Init	96	static
../Core/Src/main.c:509:13:MX_TIM2_Init	32	static
../Core/Src/main.c:551:13:MX_TIM3_Init	64	static
../Core/Src/main.c:610:13:MX_TIM4_Init	56	static
../Core/Src/main.c:657:13:MX_TIM5_Init	56	static
../Core/Src/main.c:704:13:MX_USART1_UART_Init	8	static
../Core/Src/main.c:735:13:MX_GPIO_Init	48	static
../Core/Src/main.c:842:6:gpio_set_mode	40	static
../Core/Src/main.c:858:6:Response	168	static
../Core/Src/main.c:885:6:Flash_write_info	64	static
../Core/Src/main.c:894:6:Flash_get_info	40	static
../Core/Src/main.c:906:6:Send_data	8	static
../Core/Src/main.c:913:6:Handle_Command	8	static
../Core/Src/main.c:1096:6:control_door	8	static
../Core/Src/main.c:1131:6:en_motor	8	static
../Core/Src/main.c:1170:6:motor_get_speed	8	static
../Core/Src/main.c:1189:9:check_speed	16	static
../Core/Src/main.c:1205:6:control_led	8	static
../Core/Src/main.c:1230:6:Blink_Led	8	static
../Core/Src/main.c:1239:6:warning	4	static
../Core/Src/main.c:1259:6:buzzer	8	static
../Core/Src/main.c:1267:6:alarm	8	static
../Core/Src/main.c:1274:6:delay_us	16	static
../Core/Src/main.c:1280:6:clear_uart_buf	8	static
../Core/Src/main.c:1285:6:init_dht22	8	static
../Core/Src/main.c:1290:6:dht22_GetValue	40	static
../Core/Src/main.c:1390:6:HAL_GPIO_EXTI_Callback	16	static
../Core/Src/main.c:1463:6:HAL_UART_RxCpltCallback	16	static
../Core/Src/main.c:1474:6:HAL_TIM_PeriodElapsedCallback	16	static
../Core/Src/main.c:1482:6:HAL_SPI_TxRxCpltCallback	16	static
../Core/Src/main.c:1488:6:getADC_value	8	static
../Core/Src/main.c:1501:6:Error_Handler	4	static,ignoring_inline_asm
