../Core/Src/main.c:226:5:main	8	static
../Core/Src/main.c:310:6:SystemClock_Config	88	static
../Core/Src/main.c:349:13:MX_ADC1_Init	24	static
../Core/Src/main.c:398:13:MX_SPI2_Init	8	static
../Core/Src/main.c:434:13:MX_TIM1_Init	96	static
../Core/Src/main.c:509:13:MX_TIM2_Init	32	static
../Core/Src/main.c:551:13:MX_TIM3_Init	64	static
../Core/Src/main.c:610:13:MX_TIM4_Init	56	static
../Core/Src/main.c:657:13:MX_TIM5_Init	56	static
../Core/Src/main.c:704:13:MX_USART1_UART_Init	8	static
../Core/Src/main.c:735:13:MX_GPIO_Init	48	static
../Core/Src/main.c:842:6:gpio_set_mode	40	static
../Core/Src/main.c:858:6:Response	168	static
../Core/Src/main.c:882:6:Flash_write_info	64	static
../Core/Src/main.c:891:6:Flash_get_info	40	static
../Core/Src/main.c:903:6:Send_data	8	static
../Core/Src/main.c:910:6:Handle_Command	8	static
../Core/Src/main.c:1093:6:control_door	8	static
../Core/Src/main.c:1128:6:en_motor	8	static
../Core/Src/main.c:1167:6:motor_get_speed	8	static
../Core/Src/main.c:1186:9:check_speed	16	static
../Core/Src/main.c:1202:6:control_led	8	static
../Core/Src/main.c:1227:6:Blink_Led	8	static
../Core/Src/main.c:1235:6:warning	4	static
../Core/Src/main.c:1255:6:buzzer	8	static
../Core/Src/main.c:1263:6:alarm	8	static
../Core/Src/main.c:1270:6:delay_us	16	static
../Core/Src/main.c:1276:6:clear_uart_buf	8	static
../Core/Src/main.c:1281:6:init_dht22	8	static
../Core/Src/main.c:1286:6:dht22_GetValue	40	static
../Core/Src/main.c:1386:6:HAL_GPIO_EXTI_Callback	16	static
../Core/Src/main.c:1459:6:HAL_UART_RxCpltCallback	16	static
../Core/Src/main.c:1470:6:HAL_TIM_PeriodElapsedCallback	16	static
../Core/Src/main.c:1478:6:HAL_SPI_TxRxCpltCallback	16	static
../Core/Src/main.c:1484:6:getADC_value	8	static
../Core/Src/main.c:1497:6:Error_Handler	4	static,ignoring_inline_asm
